// Jest Snapshot v1, https://goo.gl/fbAQLP

exports[`Test Counter Component renders Counter component with handlers 1`] = `"<div class=\\"counter\\"><button style=\\"width: 60px; height: 56px; cursor: pointer; border-width: 0px 1px 0px 0px; border-style: solid;\\">-</button><input type=\\"number\\" class=\\"count-input\\" aria-label=\\"Count\\" max=\\"1000\\" value=\\"1\\"><button style=\\"width: 60px; height: 56px; cursor: pointer; border-width: 0px 0px 0px 1px; border-style: solid;\\">+</button></div>"`;

exports[`Test Counter Component renders default Counter component 1`] = `"<div class=\\"counter\\"><button style=\\"width: 60px; height: 56px; cursor: pointer; border-width: 0px 1px 0px 0px; border-style: solid;\\">-</button><input type=\\"number\\" class=\\"count-input\\" aria-label=\\"Count\\" max=\\"1000\\" value=\\"100\\"><button style=\\"width: 60px; height: 56px; cursor: pointer; border-width: 0px 0px 0px 1px; border-style: solid;\\">+</button></div>"`;
